Archive member included to satisfy reference by file (symbol)

/usr/lib/gcc/avr/5.4.0/avrxmega2/libgcc.a(_udivmodqi4.o)
                              build/keyplus_mini-atxmega32c3/obj/D../D../src/core/unifying.c.o (__udivmodqi4)
/usr/lib/gcc/avr/5.4.0/avrxmega2/libgcc.a(_exit.o)
                              /usr/lib/gcc/avr/5.4.0/../../../avr/lib/avrxmega2/crtatxmega32c3.o (exit)
/usr/lib/gcc/avr/5.4.0/avrxmega2/libgcc.a(_copy_data.o)
                              build/keyplus_mini-atxmega32c3/obj/D../D../src/core/hardware.c.o (__do_copy_data)
/usr/lib/gcc/avr/5.4.0/avrxmega2/libgcc.a(_clear_bss.o)
                              build/keyplus_mini-atxmega32c3/obj/D../D../src/core/error.c.o (__do_clear_bss)
/usr/lib/gcc/avr/5.4.0/../../../avr/lib/avrxmega2/libc.a(memcpy_P.o)
                              build/keyplus_mini-atxmega32c3/obj/port_impl/flash.c.o (memcpy_P)
/usr/lib/gcc/avr/5.4.0/../../../avr/lib/avrxmega2/libc.a(memcpy.o)
                              build/keyplus_mini-atxmega32c3/obj/D../D../src/core/matrix_scanner.c.o (memcpy)
/usr/lib/gcc/avr/5.4.0/../../../avr/lib/avrxmega2/libc.a(memset.o)
                              build/keyplus_mini-atxmega32c3/obj/D../D../src/core/matrix_interpret.c.o (memset)
/usr/lib/gcc/avr/5.4.0/../../../avr/lib/avrxmega2/libatxmega32c3.a(eerd_word.o)
                              build/keyplus_mini-atxmega32c3/obj/arch/avr/nonce.c.o (eeprom_read_word)
/usr/lib/gcc/avr/5.4.0/../../../avr/lib/avrxmega2/libatxmega32c3.a(eeupd_word.o)
                              build/keyplus_mini-atxmega32c3/obj/arch/avr/nonce.c.o (eeprom_update_word)
/usr/lib/gcc/avr/5.4.0/../../../avr/lib/avrxmega2/libatxmega32c3.a(eerd_byte.o)
                              /usr/lib/gcc/avr/5.4.0/../../../avr/lib/avrxmega2/libatxmega32c3.a(eerd_word.o) (eeprom_mapen)
/usr/lib/gcc/avr/5.4.0/../../../avr/lib/avrxmega2/libatxmega32c3.a(eeupd_byte.o)
                              /usr/lib/gcc/avr/5.4.0/../../../avr/lib/avrxmega2/libatxmega32c3.a(eeupd_word.o) (eeprom_update_byte)
/usr/lib/gcc/avr/5.4.0/../../../avr/lib/avrxmega2/libatxmega32c3.a(eewr_byte.o)
                              /usr/lib/gcc/avr/5.4.0/../../../avr/lib/avrxmega2/libatxmega32c3.a(eeupd_byte.o) (eeprom_write_r18)

Allocating common symbols
Common symbol       size              file

g_matrix            0x7e              build/keyplus_mini-atxmega32c3/obj/D../D../src/core/matrix_scanner.c.o
g_scan_plan         0xb               build/keyplus_mini-atxmega32c3/obj/D../D../src/core/matrix_scanner.c.o
g_vendor_report_out
                    0x41              build/keyplus_mini-atxmega32c3/obj/D../D../src/hid_reports/vendor_report.c.o
g_ekc_storage_ptr   0x2               build/keyplus_mini-atxmega32c3/obj/D../D../src/core/keycode.c.o
g_vendor_report_in  0x41              build/keyplus_mini-atxmega32c3/obj/D../D../src/hid_reports/vendor_report.c.o
g_down_list_len     0x1               build/keyplus_mini-atxmega32c3/obj/D../D../src/core/matrix_scanner.c.o
g_keyboard_slots    0x130             build/keyplus_mini-atxmega32c3/obj/D../D../src/core/matrix_interpret.c.o
ep0_buf_in          0x40              build/keyplus_mini-atxmega32c3/obj/./src/xusb/usb_requests.c.o
s_available_pins    0x7               build/keyplus_mini-atxmega32c3/obj/D../D../src/core/io_map.c.o
g_down_list         0x10              build/keyplus_mini-atxmega32c3/obj/D../D../src/core/matrix_scanner.c.o
g_has_usb_port      0x1               build/keyplus_mini-atxmega32c3/obj/D../D../src/core/hardware.c.o
USB_dtype           0x2               build/keyplus_mini-atxmega32c3/obj/D../D../src/core/hardware.c.o
usb_configuration   0x1               build/keyplus_mini-atxmega32c3/obj/./src/xusb/usb_requests.c.o
g_boot_keyboard_report
                    0x8               build/keyplus_mini-atxmega32c3/obj/D../D../src/hid_reports/keyboard_report.c.o
string_copy_buf     0x20              build/keyplus_mini-atxmega32c3/obj/descriptors.c.o
g_ekc_storage_size  0x4               build/keyplus_mini-atxmega32c3/obj/D../D../src/core/keycode.c.o
g_layout_storage_pos
                    0x80              build/keyplus_mini-atxmega32c3/obj/D../D../src/core/layout.c.o
g_key_num_bitmap    0x10              build/keyplus_mini-atxmega32c3/obj/D../D../src/core/matrix_scanner.c.o
hold_event_list_len
                    0x1               build/keyplus_mini-atxmega32c3/obj/D../D../src/key_handlers/key_hold.c.o
s_has_updated       0x1               build/keyplus_mini-atxmega32c3/obj/D../D../src/core/matrix_scanner.c.o
g_nkro_keyboard_report
                    0x1d              build/keyplus_mini-atxmega32c3/obj/D../D../src/hid_reports/keyboard_report.c.o
s_vendor_buffer_out
                    0x82              build/keyplus_mini-atxmega32c3/obj/D../D../src/hid_reports/vendor_report.c.o
g_delta_list        0x10              build/keyplus_mini-atxmega32c3/obj/D../D../src/core/matrix_scanner.c.o
s_has_raw_matrix_updated
[...]
Memory Configuration

Name             Origin             Length             Attributes
text             0x0000000000000000 0x0000000000100000 xr
data             0x0000000000802000 0x000000000000ffa0 rw !x
eeprom           0x0000000000810000 0x0000000000010000 rw !x
fuse             0x0000000000820000 0x0000000000000006 rw !x
lock             0x0000000000830000 0x0000000000000400 rw !x
signature        0x0000000000840000 0x0000000000000400 rw !x
user_signatures  0x0000000000850000 0x0000000000000400 rw !x
*default*        0x0000000000000000 0xffffffffffffffff
key_settings_block 0x0000000000000000 0xffffffffffffffff
key_layout_block 0x0000000000000000 0xffffffffffffffff

Linker script and memory map

LOAD /usr/lib/gcc/avr/5.4.0/../../../avr/lib/avrxmega2/crtatxmega32c3.o
LOAD build/keyplus_mini-atxmega32c3/obj/D../D../src/core/crc.c.o
LOAD build/keyplus_mini-atxmega32c3/obj/D../D../src/core/error.c.o
LOAD build/keyplus_mini-atxmega32c3/obj/D../D../src/core/flash.c.o
LOAD build/keyplus_mini-atxmega32c3/obj/D../D../src/core/hardware.c.o
LOAD build/keyplus_mini-atxmega32c3/obj/D../D../src/core/layout.c.o
LOAD build/keyplus_mini-atxmega32c3/obj/D../D../src/core/packet.c.o
LOAD build/keyplus_mini-atxmega32c3/obj/D../D../src/core/ring_buf.c.o
LOAD build/keyplus_mini-atxmega32c3/obj/D../D../src/core/settings.c.o
LOAD build/keyplus_mini-atxmega32c3/obj/D../D../src/core/util.c.o
LOAD build/keyplus_mini-atxmega32c3/obj/D../D../src/core/io_map.c.o
LOAD build/keyplus_mini-atxmega32c3/obj/D../D../src/core/matrix_scanner.c.o
LOAD build/keyplus_mini-atxmega32c3/obj/D../D../src/core/usb_commands.c.o
LOAD build/keyplus_mini-atxmega32c3/obj/D../D../src/core/macro.c.o
LOAD build/keyplus_mini-atxmega32c3/obj/D../D../src/core/mods.c.o
LOAD build/keyplus_mini-atxmega32c3/obj/D../D../src/core/matrix_interpret.c.o
LOAD build/keyplus_mini-atxmega32c3/obj/D../D../src/core/keycode.c.o
LOAD build/keyplus_mini-atxmega32c3/obj/D../D../src/core/nrf24.c.o
LOAD build/keyplus_mini-atxmega32c3/obj/D../D../src/core/rf.c.o
LOAD build/keyplus_mini-atxmega32c3/obj/D../D../src/core/nonce.c.o
LOAD build/keyplus_mini-atxmega32c3/obj/D../D../src/core/unifying.c.o
LOAD build/keyplus_mini-atxmega32c3/obj/D../D../src/core/mouse.c.o
LOAD build/keyplus_mini-atxmega32c3/obj/D../D../src/hid_reports/keyboard_report.c.o
LOAD build/keyplus_mini-atxmega32c3/obj/D../D../src/hid_reports/media_report.c.o
LOAD build/keyplus_mini-atxmega32c3/obj/D../D../src/hid_reports/vendor_report.c.o
LOAD build/keyplus_mini-atxmega32c3/obj/D../D../src/hid_reports/mouse_report.c.o
LOAD build/keyplus_mini-atxmega32c3/obj/D../D../src/hid_reports/hid_reports.c.o
LOAD build/keyplus_mini-atxmega32c3/obj/D../D../src/usb/desc/normal/descriptors.c.o
LOAD build/keyplus_mini-atxmega32c3/obj/D../D../src/key_handlers/key_custom.c.o
LOAD build/keyplus_mini-atxmega32c3/obj/D../D../src/key_handlers/key_handlers.c.o
LOAD build/keyplus_mini-atxmega32c3/obj/D../D../src/key_handlers/key_hold.c.o
LOAD build/keyplus_mini-atxmega32c3/obj/D../D../src/key_handlers/key_media.c.o
LOAD build/keyplus_mini-atxmega32c3/obj/D../D../src/key_handlers/key_mouse.c.o
LOAD build/keyplus_mini-atxmega32c3/obj/D../D../src/key_handlers/key_normal.c.o
LOAD build/keyplus_mini-atxmega32c3/obj/D../D../src/key_handlers/key_macro.c.o
LOAD build/keyplus_mini-atxmega32c3/obj/xmega_hardware/twi_slave_driver.c.o
LOAD build/keyplus_mini-atxmega32c3/obj/xmega_hardware/twi_master_driver.c.o
LOAD build/keyplus_mini-atxmega32c3/obj/arch/avr/nonce.c.o
LOAD build/keyplus_mini-atxmega32c3/obj/debug.c.o
LOAD build/keyplus_mini-atxmega32c3/obj/fuses.c.o
LOAD build/keyplus_mini-atxmega32c3/obj/hardware.c.o
LOAD build/keyplus_mini-atxmega32c3/obj/main.c.o
LOAD build/keyplus_mini-atxmega32c3/obj/matrix_scanner.c.o
LOAD build/keyplus_mini-atxmega32c3/obj/power.c.o
LOAD build/keyplus_mini-atxmega32c3/obj/port_impl/io_map.c.o
LOAD build/keyplus_mini-atxmega32c3/obj/port_impl/led.c.o
LOAD build/keyplus_mini-atxmega32c3/obj/port_impl/timer.c.o
LOAD build/keyplus_mini-atxmega32c3/obj/port_impl/flash.c.o
LOAD build/keyplus_mini-atxmega32c3/obj/./src/xusb/usb_requests.c.o
LOAD build/keyplus_mini-atxmega32c3/obj/./src/xusb/xmega/usb_xmega.c.o
LOAD build/keyplus_mini-atxmega32c3/obj/descriptors.c.o
LOAD build/keyplus_mini-atxmega32c3/obj/usb_reports.c.o
LOAD build/keyplus_mini-atxmega32c3/obj/wired.c.o
LOAD build/keyplus_mini-atxmega32c3/obj/nrf24.c.o
LOAD build/keyplus_mini-atxmega32c3/obj/aes.c.o
LOAD build/keyplus_mini-atxmega32c3/obj/aes/avr-crypto-lib/aes_aleph_keyschedule-asm.S.o
LOAD build/keyplus_mini-atxmega32c3/obj/aes/avr-crypto-lib/aes_invsbox-asm.S.o
LOAD build/keyplus_mini-atxmega32c3/obj/aes/avr-crypto-lib/aes_sbox-asm.S.o
LOAD build/keyplus_mini-atxmega32c3/obj/aes/avr-crypto-lib/avr-asm-macros.S.o
LOAD build/keyplus_mini-atxmega32c3/obj/aes/avr-crypto-lib/aes_enc-asm.S.o
LOAD build/keyplus_mini-atxmega32c3/obj/aes/avr-crypto-lib/aes_dec-asm_faster.S.o
Address of section .key_settings_block set to 0x7a00
Address of section .key_layout_block set to 0x7c00
START GROUP
LOAD /usr/lib/gcc/avr/5.4.0/avrxmega2/libgcc.a
LOAD /usr/lib/gcc/avr/5.4.0/../../../avr/lib/avrxmega2/libm.a
LOAD /usr/lib/gcc/avr/5.4.0/../../../avr/lib/avrxmega2/libc.a
LOAD /usr/lib/gcc/avr/5.4.0/../../../avr/lib/avrxmega2/libatxmega32c3.a
END GROUP
                0x0000000000100000                __TEXT_REGION_LENGTH__ = DEFINED (__TEXT_REGION_LENGTH__)?__TEXT_REGION_LENGTH__:0x100000
                0x000000000000ffa0                __DATA_REGION_LENGTH__ = DEFINED (__DATA_REGION_LENGTH__)?__DATA_REGION_LENGTH__:0xffa0
                0x0000000000010000                __EEPROM_REGION_LENGTH__ = DEFINED (__EEPROM_REGION_LENGTH__)?__EEPROM_REGION_LENGTH__:0x10000
                [0x0000000000000006]                __FUSE_REGION_LENGTH__ = DEFINED (__FUSE_REGION_LENGTH__)?__FUSE_REGION_LENGTH__:0x400
                0x0000000000000400                __LOCK_REGION_LENGTH__ = DEFINED (__LOCK_REGION_LENGTH__)?__LOCK_REGION_LENGTH__:0x400
                0x0000000000000400                __SIGNATURE_REGION_LENGTH__ = DEFINED (__SIGNATURE_REGION_LENGTH__)?__SIGNATURE_REGION_LENGTH__:0x400
                0x0000000000000400                __USER_SIGNATURE_REGION_LENGTH__ = DEFINED (__USER_SIGNATURE_REGION_LENGTH__)?__USER_SIGNATURE_REGION_LENGTH__:0x400

.hash
 *(.hash)

.dynsym
 *(.dynsym)

.dynstr
 *(.dynstr)

.gnu.version
 *(.gnu.version)

.gnu.version_d
 *(.gnu.version_d)

.gnu.version_r
 *(.gnu.version_r)

.rel.init
 *(.rel.init)

.rela.init
 *(.rela.init)

.rel.text
 *(.rel.text)
 *(.rel.text.*)
 *(.rel.gnu.linkonce.t*)

.rela.text
 *(.rela.text)
 *(.rela.text.*)
 *(.rela.gnu.linkonce.t*)

.rel.fini
 *(.rel.fini)

.rela.fini
 *(.rela.fini)

.rel.rodata
 *(.rel.rodata)
 *(.rel.rodata.*)
 *(.rel.gnu.linkonce.r*)

.rela.rodata
 *(.rela.rodata)
 *(.rela.rodata.*)
 *(.rela.gnu.linkonce.r*)

.rel.data
 *(.rel.data)
 *(.rel.data.*)
 *(.rel.gnu.linkonce.d*)

.rela.data
 *(.rela.data)
 *(.rela.data.*)
 *(.rela.gnu.linkonce.d*)

.rel.ctors
 *(.rel.ctors)

.rela.ctors
 *(.rela.ctors)

.rel.dtors
 *(.rel.dtors)

.rela.dtors
 *(.rela.dtors)

.rel.got
 *(.rel.got)

.rela.got
 *(.rela.got)

.rel.bss
 *(.rel.bss)

.rela.bss
 *(.rela.bss)

.rel.plt
 *(.rel.plt)

.rela.plt
 *(.rela.plt)

.text           0x0000000000000000     0x7700
 *(.vectors)
 .vectors       0x0000000000000000      0x1fc /usr/lib/gcc/avr/5.4.0/../../../avr/lib/avrxmega2/crtatxmega32c3.o
                0x0000000000000000                __vectors
                0x0000000000000000                __vector_default
 *(.vectors)
 *(.progmem.gcc*)
                0x00000000000001fc                . = ALIGN (0x2)
                0x00000000000001fc                __trampolines_start = .
 *(.trampolines)
 .trampolines   0x00000000000001fc        0x0 linker stubs
 *(.trampolines*)
                0x00000000000001fc                __trampolines_end = .
 *libprintf_flt.a:*(.progmem.data)
 *libc.a:*(.progmem.data)
 *(.progmem*)
 .progmem.data  0x00000000000001fc       0x3e build/keyplus_mini-atxmega32c3/obj/D../D../src/core/settings.c.o
                0x00000000000001fc                g_firmware_build_settings
 .progmem.data  0x000000000000023a       0x20 build/keyplus_mini-atxmega32c3/obj/D../D../src/core/io_map.c.o
                0x000000000000023a                g_io_map_info
 .progmem.data  0x000000000000025a      0x19e build/keyplus_mini-atxmega32c3/obj/D../D../src/usb/desc/normal/descriptors.c.o
                0x000000000000025a                usb_string_desc_1
                0x000000000000026a                usb_string_desc_0
                0x000000000000026e                usb_config_desc
                0x00000000000002fb                usb_device_desc
                0x000000000000030d                sizeof_hid_desc_vendor
                0x000000000000030e                hid_desc_vendor
                0x0000000000000327                sizeof_hid_desc_media
                0x0000000000000328                hid_desc_media
                0x0000000000000356                sizeof_hid_desc_mouse
                0x0000000000000357                hid_desc_mouse
                0x0000000000000398                sizeof_hid_desc_nkro_keyboard
                0x0000000000000399                hid_desc_nkro_keyboard
                0x00000000000003b8                sizeof_hid_desc_boot_keyboard
                0x00000000000003b9                hid_desc_boot_keyboard
                0x00000000000003f8                . = ALIGN (0x2)
 *(.jumptables)
 *(.jumptables*)
 *(.lowtext)
 *(.lowtext*)
                0x00000000000003f8                __ctors_start = .
 *(.ctors)
                0x00000000000003f8                __ctors_end = .
                0x00000000000003f8                __dtors_start = .
 *(.dtors)
                0x00000000000003f8                __dtors_end = .
 SORT(*)(.ctors)
 SORT(*)(.dtors)
 *(.init0)
 .init0         0x00000000000003f8        0x0 /usr/lib/gcc/avr/5.4.0/../../../avr/lib/avrxmega2/crtatxmega32c3.o
                0x00000000000003f8                __init
 *(.init0)
 *(.init1)
 *(.init1)
 *(.init2)
 .init2         0x00000000000003f8        0xc /usr/lib/gcc/avr/5.4.0/../../../avr/lib/avrxmega2/crtatxmega32c3.o
 *(.init2)
 *(.init3)
 *(.init3)
 *(.init4)
 .init4         0x0000000000000404       0x16 /usr/lib/gcc/avr/5.4.0/avrxmega2/libgcc.a(_copy_data.o)
                0x0000000000000404                __do_copy_data
 .init4         0x000000000000041a       0x10 /usr/lib/gcc/avr/5.4.0/avrxmega2/libgcc.a(_clear_bss.o)
                0x000000000000041a                __do_clear_bss
 *(.init4)
 *(.init5)
 *(.init5)
 *(.init6)
 *(.init6)
 *(.init7)
 *(.init7)
 *(.init8)
 *(.init8)
 *(.init9)
 .init9         0x000000000000042a        0x8 /usr/lib/gcc/avr/5.4.0/../../../avr/lib/avrxmega2/crtatxmega32c3.o
 *(.init9)
 *(.text)
 .text          0x0000000000000432        0x4 /usr/lib/gcc/avr/5.4.0/../../../avr/lib/avrxmega2/crtatxmega32c3.o
                0x0000000000000432                __vector_38
                0x0000000000000432                __vector_104
                0x0000000000000432                __vector_22
                0x0000000000000432                __vector_63
                0x0000000000000432                __vector_28
                0x0000000000000432                __vector_67
                0x0000000000000432                __vector_1
                0x0000000000000432                __vector_119
                0x0000000000000432                __vector_32
                0x0000000000000432                __vector_75
                0x0000000000000432                __vector_71
                0x0000000000000432                __vector_91
                0x0000000000000432                __vector_62
                0x0000000000000432                __vector_77
                0x0000000000000432                __vector_102
                0x0000000000000432                __vector_24
                0x0000000000000432                __vector_12
                0x0000000000000432                __vector_55
                0x0000000000000432                __vector_69
                0x0000000000000432                __vector_81
                0x0000000000000432                __vector_90
                0x0000000000000432                __bad_interrupt
                0x0000000000000432                __vector_122
                0x0000000000000432                __vector_72
                0x0000000000000432                __vector_114
                0x0000000000000432                __vector_6
                0x0000000000000432                __vector_110
                0x0000000000000432                __vector_31
                0x0000000000000432                __vector_92
                0x0000000000000432                __vector_35
                0x0000000000000432                __vector_78
                0x0000000000000432                __vector_74
                0x0000000000000432                __vector_117
                0x0000000000000432                __vector_39
                0x0000000000000432                __vector_107
                0x0000000000000432                __vector_3
                0x0000000000000432                __vector_105
                0x0000000000000432                __vector_98
                0x0000000000000432                __vector_23
                0x0000000000000432                __vector_68
                0x0000000000000432                __vector_30
                0x0000000000000432                __vector_73
                0x0000000000000432                __vector_25
                0x0000000000000432                __vector_93
                0x0000000000000432                __vector_61
                0x0000000000000432                __vector_11
                0x0000000000000432                __vector_54
                0x0000000000000432                __vector_99
                0x0000000000000432                __vector_13
                0x0000000000000432                __vector_17
                0x0000000000000432                __vector_19
                0x0000000000000432                __vector_56
                0x0000000000000432                __vector_7
                0x0000000000000432                __vector_49
                0x0000000000000432                __vector_123
                0x0000000000000432                __vector_41
                0x0000000000000432                __vector_86
                0x0000000000000432                __vector_100
                0x0000000000000432                __vector_101
                0x0000000000000432                __vector_88
                0x0000000000000432                __vector_109
                0x0000000000000432                __vector_27
                0x0000000000000432                __vector_113
                0x0000000000000432                __vector_33
                0x0000000000000432                __vector_76
                0x0000000000000432                __vector_115
                0x0000000000000432                __vector_47
                0x0000000000000432                __vector_52
                0x0000000000000432                __vector_37
                0x0000000000000432                __vector_95
                0x0000000000000432                __vector_103
                0x0000000000000432                __vector_96
                0x0000000000000432                __vector_89
                0x0000000000000432                __vector_108
                0x0000000000000432                __vector_82
                0x0000000000000432                __vector_106
                0x0000000000000432                __vector_118
                0x0000000000000432                __vector_51
                0x0000000000000432                __vector_9
                0x0000000000000432                __vector_21
                0x0000000000000432                __vector_15
                0x0000000000000432                __vector_36
                0x0000000000000432                __vector_79
                0x0000000000000432                __vector_58
                0x0000000000000432                __vector_70
                0x0000000000000432                __vector_83
                0x0000000000000432                __vector_29
                0x0000000000000432                __vector_60
                0x0000000000000432                __vector_121
                0x0000000000000432                __vector_40
                0x0000000000000432                __vector_85
                0x0000000000000432                __vector_94
                0x0000000000000432                __vector_8
                0x0000000000000432                __vector_26
                0x0000000000000432                __vector_48
                0x0000000000000432                __vector_124
                0x0000000000000432                __vector_116
                0x0000000000000432                __vector_112
                0x0000000000000432                __vector_111
                0x0000000000000432                __vector_80
                0x0000000000000432                __vector_14
                0x0000000000000432                __vector_84
                0x0000000000000432                __vector_57
                0x0000000000000432                __vector_53
                0x0000000000000432                __vector_50
                0x0000000000000432                __vector_16
                0x0000000000000432                __vector_59
                0x0000000000000432                __vector_18
                0x0000000000000432                __vector_97
                0x0000000000000432                __vector_20
                0x0000000000000432                __vector_42
                0x0000000000000432                __vector_87
                0x0000000000000432                __vector_65
                0x0000000000000432                __vector_120
 .text          0x0000000000000436      0x112 build/keyplus_mini-atxmega32c3/obj/D../D../src/core/crc.c.o
                0x0000000000000436                crc16_step
                0x0000000000000462                crc16_buffer
                0x000000000000048c                crc16_flash_buffer
                0x00000000000004cc                crc_check_nrf24_raw_packet
 .text          0x0000000000000548       0x92 build/keyplus_mini-atxmega32c3/obj/D../D../src/core/error.c.o
                0x0000000000000548                init_error_system
                0x000000000000055c                has_critical_error
                0x000000000000056a                register_error
                0x000000000000059a                unregister_error
 .text          0x00000000000005da       0x28 build/keyplus_mini-atxmega32c3/obj/D../D../src/core/flash.c.o
                0x00000000000005da                flash_load_from_rom
                0x00000000000005f2                is_valid_storage_pos
 .text          0x0000000000000602       0x44 build/keyplus_mini-atxmega32c3/obj/D../D../src/core/hardware.c.o
                0x0000000000000602                software_reset
 .text          0x0000000000000646      0x138 build/keyplus_mini-atxmega32c3/obj/D../D../src/core/layout.c.o
                0x0000000000000646                keyboard_layouts_init
                0x000000000000075c                has_mouse_layers
 .text          0x000000000000077e       0x1a build/keyplus_mini-atxmega32c3/obj/D../D../src/core/packet.c.o
                0x000000000000077e                get_packet_type
                0x0000000000000784                set_packet_type
                0x000000000000078a                is_matrix_packet
 .text          0x0000000000000798       0xd6 build/keyplus_mini-atxmega32c3/obj/D../D../src/core/ring_buf.c.o
                0x0000000000000798                ring_buf128_clear
                0x00000000000007a6                ring_buf128_has_data
                0x00000000000007c0                ring_buf128_len
                0x00000000000007d6                ring_buf128_free_space
                0x00000000000007ee                ring_buf128_get
                0x000000000000080c                ring_buf128_peek
                0x000000000000081e                ring_buf128_put
                0x000000000000083c                ring_buf128_take
 .text          0x000000000000086e       0x50 build/keyplus_mini-atxmega32c3/obj/D../D../src/core/settings.c.o
                0x000000000000086e                settings_load_from_flash
 .text          0x00000000000008be       0x4c build/keyplus_mini-atxmega32c3/obj/D../D../src/core/io_map.c.o
                0x00000000000008be                io_map_init
                0x00000000000008ce                io_map_claim_pins
                0x00000000000008f8                io_map_get_col_pin
                0x0000000000000902                io_map_get_row_pin
 .text          0x000000000000090a      0x636 build/keyplus_mini-atxmega32c3/obj/D../D../src/core/matrix_scanner.c.o
                0x000000000000090a                get_matrix_compressed_size
                0x000000000000091e                init_matrix_scanner_utils
                0x0000000000000988                scanner_add_matrix_key
                0x00000000000009f4                scanner_del_matrix_key
                0x0000000000000a7c                get_matrix_data
                0x0000000000000b1a                scanner_debounce_row
                0x0000000000000e34                get_matrix_num_keys_down
                0x0000000000000e3a                get_matrix_num_keys_debouncing
                0x0000000000000e40                passthrough_keycodes_task
 .text          0x0000000000000f40      0x5d2 build/keyplus_mini-atxmega32c3/obj/D../D../src/core/usb_commands.c.o
                0x0000000000000f40                is_passthrough_enabled
                0x0000000000000f46                queue_vendor_in_packet
                0x0000000000000fa8                reset_usb_reports
                0x0000000000000fba                cmd_error
                0x0000000000000fde                cmd_ok
                0x0000000000000fe4                cmd_reset
                0x000000000000100e                usb_print
                0x000000000000102e                cmd_send_layer
                0x000000000000109c                handle_vendor_out_reports
 .text          0x0000000000001512      0x310 build/keyplus_mini-atxmega32c3/obj/D../D../src/core/macro.c.o
                0x0000000000001512                call_macro
                0x0000000000001566                macro_abort
                0x00000000000015b6                macro_task
 .text          0x0000000000001822      0x10c build/keyplus_mini-atxmega32c3/obj/D../D../src/core/mods.c.o
                0x0000000000001866                add_pure_mods
                0x0000000000001874                del_pure_mods
                0x0000000000001882                add_fake_mods
                0x0000000000001890                del_fake_mods
                0x000000000000189e                reset_mods
                0x00000000000018c2                has_pure_mods
                0x00000000000018da                get_mods
                0x000000000000190c                apply_mods
 .text          0x000000000000192e      0xdb0 build/keyplus_mini-atxmega32c3/obj/D../D../src/core/matrix_interpret.c.o
                0x0000000000001a22                layer_queue_add
                0x0000000000001a4c                layer_queue_del
                0x0000000000001a76                layer_queue_set
                0x0000000000001a94                layer_queue_toggle
                0x0000000000001abe                layer_queue_sticky
                0x0000000000001ae8                add_sticky_mods
                0x0000000000001af4                clear_sticky_mods
                0x0000000000001afa                get_sticky_mods
                0x0000000000001b00                layer_queue_apply
                0x0000000000001bbe                has_active_slot
                0x0000000000001bcc                get_active_slot_id
                0x0000000000001bd2                get_active_keyboard_id
                0x0000000000001be6                queue_keycode_event
                0x0000000000001c94                reset_layer_state
                0x0000000000001cf4                get_slot_id
                0x0000000000001d00                is_keyboard_active
                0x0000000000001d14                acquire_slot
                0x0000000000001db6                keyboards_init
                0x0000000000001e40                keyboard_update_device_matrix
                0x0000000000001fc2                update_mouse_matrix
                0x0000000000001fea                keyboard_reset_matrix
                0x000000000000204a                keyboard_get_layer_mask
                0x00000000000022ac                sticky_key_task
                0x0000000000002322                keyboard_interpret_matrix
                0x000000000000268c                interpret_all_keyboard_matrices
 .text          0x00000000000026de       0xaa build/keyplus_mini-atxmega32c3/obj/D../D../src/core/keycode.c.o
                0x00000000000026de                get_ekc_data
                0x000000000000275c                get_ekc_type
 .text          0x0000000000002788      0x1e8 build/keyplus_mini-atxmega32c3/obj/D../D../src/core/nrf24.c.o
                0x0000000000002858                nrf24_read_status
                0x0000000000002874                nrf24_read_reg
                0x000000000000287a                nrf24_write_reg
                0x0000000000002880                nrf24_read_addr
                0x0000000000002884                nrf24_write_addr
                0x000000000000288a                nrf24_flush_rx
                0x0000000000002898                nrf24_flush_tx
                0x00000000000028a6                nrf24_read_rx_payload
                0x00000000000028b2                nrf24_read_rx_payload_width
                0x00000000000028d6                nrf24_get_rx_pipe_num
                0x00000000000028e0                nrf24_write_tx_payload
                0x00000000000028ec                nrf24_write_ack_payload
                0x0000000000002900                nrf24_send_all
                0x0000000000002922                nrf24_send_one
                0x0000000000002946                nrf24_power_set
 .text          0x0000000000002970      0x6ae build/keyplus_mini-atxmega32c3/obj/D../D../src/core/rf.c.o
                0x0000000000002970                device_id_to_pipe_num
                0x0000000000002974                nrf24_registers_common
                0x00000000000029dc                is_buffer_zeroed
                0x00000000000029f6                rf_init_send
                0x0000000000002abe                rf_send_matrix_packet
                0x0000000000002b2a                rf_handle_ack_payloads
                0x0000000000002bdc                packet_buffer_clear
                0x0000000000002be4                packet_buffer_free_space
                0x0000000000002bec                packet_buffer_len
                0x0000000000002bf4                packet_buffer_has_data
                0x0000000000002c08                packet_buffer_get
                0x0000000000002c10                packet_buffer_add_byte
                0x0000000000002c1a                packet_buffer_take
                0x0000000000002c26                rf_init_receive
                0x0000000000002d0e                rf_nrf24_load_sync_ack_payload
                0x0000000000002d78                is_valid_packet
                0x0000000000002dc6                read_packet
                0x0000000000002f52                rf_packet_buffer_add
                0x0000000000002fd0                rf_isr
                0x0000000000002ff0                rf_task
 .text          0x000000000000301e       0x58 build/keyplus_mini-atxmega32c3/obj/D../D../src/core/nonce.c.o
                0x000000000000301e                uid_generate
 .text          0x0000000000003076      0x480 build/keyplus_mini-atxmega32c3/obj/D../D../src/core/unifying.c.o
                0x0000000000003076                unifying_calc_checksum
                0x000000000000308e                unifying_send_packet
                0x00000000000030ba                unifying_read_packet
                0x00000000000032bc                unifying_end_pairing
                0x00000000000032c6                unifying_is_pairing_active
                0x00000000000032d4                unifying_set_pairing_address
                0x0000000000003336                unifying_begin_pairing
                0x0000000000003374                handle_pairing
                0x0000000000003476                unifying_pairing_poll
 .text          0x00000000000034f6      0x250 build/keyplus_mini-atxmega32c3/obj/D../D../src/core/mouse.c.o
                0x00000000000034f6                gesture_init
                0x00000000000034f8                gesture_press
                0x0000000000003532                gesture_release
                0x0000000000003558                trigger_gesture
                0x00000000000035b2                handle_mouse_events
 .text          0x0000000000003746      0x376 build/keyplus_mini-atxmega32c3/obj/D../D../src/hid_reports/keyboard_report.c.o
                0x0000000000003746                reset_keyboard_reports
                0x0000000000003794                touch_keyboard_report
                0x000000000000379c                set_keyboard_report_mode
                0x00000000000037a2                get_keyboard_report_mode
                0x00000000000037a8                get_keyboard_protocol
                0x00000000000037ae                nkro_add_keycode
                0x00000000000037d4                nkro_del_keycode
                0x00000000000037fc                is_boot_report_empty
                0x0000000000003816                boot_add_keycode
                0x0000000000003898                boot_del_keycode
                0x00000000000038c2                add_keycode
                0x00000000000038f2                del_keycode
                0x000000000000391a                retrigger_keycode
                0x000000000000393e                has_keycode
                0x0000000000003990                clear_keyboard_report
                0x00000000000039b4                set_keyboard_protocol
                0x00000000000039d4                is_ready_boot_keyboard_report
                0x00000000000039da                is_ready_nkro_keyboard_report
                0x00000000000039e0                is_ready_keyboard_report
                0x00000000000039f6                send_boot_keyboard_report
                0x0000000000003a12                send_nkro_keyboard_report
                0x0000000000003a2e                send_keyboard_report
 .text          0x0000000000003abc       0x48 build/keyplus_mini-atxmega32c3/obj/D../D../src/hid_reports/media_report.c.o
                0x0000000000003abc                touch_media_report
                0x0000000000003ac4                reset_media_report
                0x0000000000003ad4                is_ready_media_report
                0x0000000000003ada                send_media_report
 .text          0x0000000000003b04      0x18e build/keyplus_mini-atxmega32c3/obj/D../D../src/hid_reports/vendor_report.c.o
                0x0000000000003b04                reset_vendor_report
                0x0000000000003b1c                vendor_out_write_byte
                0x0000000000003b26                vendor_out_write_buf
                0x0000000000003b4e                vendor_out_get_byte
                0x0000000000003b56                vendor_out_load_packet
                0x0000000000003b8a                vendor_out_buf_has_packet
                0x0000000000003b92                vendor_in_write_byte
                0x0000000000003b9c                vendor_in_write_buf
                0x0000000000003bc4                vendor_in_get_byte
                0x0000000000003bcc                vendor_in_load_packet
                0x0000000000003c1e                vendor_in_buf_has_packet
                0x0000000000003c26                vendor_in_free_space
                0x0000000000003c2e                is_ready_vendor_in_report
                0x0000000000003c34                send_vendor_report
                0x0000000000003c6e                is_ready_vendor_out_report
                0x0000000000003c74                read_vendor_report
 .text          0x0000000000003c92       0x6e build/keyplus_mini-atxmega32c3/obj/D../D../src/hid_reports/mouse_report.c.o
                0x0000000000003c92                sign_extend_12
                0x0000000000003c98                sign_extend_8
                0x0000000000003ca0                reset_mouse_report
                0x0000000000003cb0                touch_mouse_report
                0x0000000000003cb8                is_ready_mouse_report
                0x0000000000003cbe                send_mouse_report
 .text          0x0000000000003d00       0x20 build/keyplus_mini-atxmega32c3/obj/D../D../src/hid_reports/hid_reports.c.o
                0x0000000000003d00                reset_hid_reports
                0x0000000000003d10                send_hid_reports
 .text          0x0000000000003d20      0x146 build/keyplus_mini-atxmega32c3/obj/D../D../src/key_handlers/key_custom.c.o
 .text          0x0000000000003e66      0x3da build/keyplus_mini-atxmega32c3/obj/D../D../src/key_handlers/key_hold.c.o
                0x0000000000003e66                is_hold_keycode
                0x0000000000003e74                hold_key_delete_event
                0x0000000000003ebc                handle_hold_keycode
                0x0000000000004098                hold_key_task
                0x0000000000004232                hold_key_buffer_other_keys
 .text          0x0000000000004240       0x7e build/keyplus_mini-atxmega32c3/obj/D../D../src/key_handlers/key_media.c.o
                0x0000000000004240                is_media_keycode
                0x0000000000004262                handle_media_keycode
 .text          0x00000000000042be      0x2b8 build/keyplus_mini-atxmega32c3/obj/D../D../src/key_handlers/key_mouse.c.o
                0x00000000000042be                is_mouse_keycode
                0x00000000000042dc                handle_mouse_keycode
                0x0000000000004488                mouse_key_task
 .text          0x0000000000004576      0x17e build/keyplus_mini-atxmega32c3/obj/D../D../src/key_handlers/key_normal.c.o
                0x0000000000004576                is_layer_keycode
                0x0000000000004586                is_modkey_keycode
                0x0000000000004596                handle_modkey_keycode
                0x0000000000004628                handle_layer_keycode
 .text          0x00000000000046f4       0x9e build/keyplus_mini-atxmega32c3/obj/D../D../src/key_handlers/key_macro.c.o
                0x00000000000046f4                is_macro_keycode
                0x0000000000004702                handle_macro_keycodes
 .text          0x0000000000004792      0x1bc build/keyplus_mini-atxmega32c3/obj/xmega_hardware/twi_slave_driver.c.o
                0x0000000000004792                TWI_SlaveInitializeDriver
                0x00000000000047aa                TWI_SlaveInitializeModule
                0x00000000000047c2                TWI_SlaveAddressMatchHandler
                0x0000000000004808                TWI_SlaveStopHandler
                0x0000000000004832                TWI_SlaveReadHandler
                0x0000000000004892                TWI_SlaveWriteHandler
                0x00000000000048ec                TWI_SlaveDataHandler
                0x00000000000048fe                TWI_SlaveInterruptHandler
                0x0000000000004946                TWI_SlaveTransactionFinished
 .text          0x000000000000494e      0x1c8 build/keyplus_mini-atxmega32c3/obj/xmega_hardware/twi_master_driver.c.o
                0x000000000000494e                TWI_MasterInit
                0x0000000000004970                TWI_MasterState
                0x000000000000497e                TWI_MasterReady
                0x0000000000004986                TWI_MasterWriteRead
                0x00000000000049f4                TWI_MasterWrite
                0x0000000000004a00                TWI_MasterRead
                0x0000000000004a12                TWI_MasterArbitrationLostBusErrorHandler
                0x0000000000004a34                TWI_MasterWriteHandler
                0x0000000000004a94                TWI_MasterReadHandler
                0x0000000000004ae6                TWI_MasterInterruptHandler
                0x0000000000004b0e                TWI_MasterTransactionFinished
 .text          0x0000000000004b16       0xf2 build/keyplus_mini-atxmega32c3/obj/arch/avr/nonce.c.o
                0x0000000000004b16                load_session_id
                0x0000000000004bd6                increment_session_id
 .text          0x0000000000004c08       0xbc build/keyplus_mini-atxmega32c3/obj/hardware.c.o
                0x0000000000004c18                hardware_init
                0x0000000000004c1e                wdt_init
                0x0000000000004c32                wdt_disable_
                0x0000000000004c44                wdt_kick
                0x0000000000004c48                idle_sleep
                0x0000000000004c4e                reset_mcu
                0x0000000000004c52                bootloader_jmp
                0x0000000000004c8a                dynamic_delay_ms
 .text          0x0000000000004cc4      0x27c build/keyplus_mini-atxmega32c3/obj/main.c.o
                0x0000000000004cc4                unused_pins_init
                0x0000000000004cc6                pin_init
                0x0000000000004cca                xmega_common_init
                0x0000000000004cf2                battery_mode_setup
                0x0000000000004d1a                battery_mode_main_loop
                0x0000000000004e14                usb_mode_setup
                0x0000000000004e68                recovery_mode_main_loop
                0x0000000000004e7c                usb_mode_main_loop
 .text          0x0000000000004f40      0x798 build/keyplus_mini-atxmega32c3/obj/matrix_scanner.c.o
                0x000000000000502a                matrix_has_active_row
                0x000000000000508a                get_col_mask
                0x0000000000005096                matrix_scan_irq_has_triggered
                0x000000000000509c                matrix_scan_irq_clear
                0x00000000000050a2                matrix_scan_irq_enable
                0x00000000000051a6                matrix_scan_irq_disable
                0x00000000000051f0                matrix_scanner_init
                0x0000000000005468                __vector_4
                0x00000000000054b6                __vector_43
                0x00000000000054fe                __vector_64
                0x0000000000005546                __vector_2
                0x000000000000558e                __vector_34
                0x00000000000055d6                __vector_66
                0x000000000000561e                matrix_scan
 .text          0x00000000000056d8      0x19c build/keyplus_mini-atxmega32c3/obj/power.c.o
                0x00000000000056d8                get_power_mode
                0x00000000000056e2                set_power_mode
                0x0000000000005750                battery_mode_clock_init
                0x000000000000577e                enter_sleep_mode
                0x000000000000579e                deep_sleep
                0x00000000000057d0                has_vbus_power
                0x00000000000057dc                vbus_pin_init
                0x00000000000057f8                __vector_44
 .text          0x0000000000005874        0x6 build/keyplus_mini-atxmega32c3/obj/port_impl/led.c.o
                0x0000000000005874                led_init
                0x0000000000005876                led_testing_set
                0x0000000000005878                led_testing_toggle
 .text          0x000000000000587a      0x18a build/keyplus_mini-atxmega32c3/obj/port_impl/timer.c.o
                0x000000000000587a                rtc_ulp_init
                0x00000000000058b6                rtc_32k_init
                0x0000000000005908                __vector_10
                0x000000000000595c                timer_init
                0x0000000000005960                reset_timer_value
                0x0000000000005978                timer_adjust
                0x00000000000059bc                timer_disable
                0x00000000000059c2                timer_read8_ms
                0x00000000000059d4                timer_read16_ms
                0x00000000000059ec                timer_read_ms
 .text          0x0000000000005a04      0x194 build/keyplus_mini-atxmega32c3/obj/port_impl/flash.c.o
                0x0000000000005a04                flash_read_byte
                0x0000000000005a0e                flash_read_word
                0x0000000000005a1a                flash_read
                0x0000000000005a24                flash_erase_page
                0x0000000000005a3c                flash_modify_enable
                0x0000000000005a3e                flash_modify_disable
                0x0000000000005a40                flash_write
 .text          0x0000000000005b98      0x1dc build/keyplus_mini-atxmega32c3/obj/./src/xusb/usb_requests.c.o
                0x0000000000005b98                usb_ep0_in_multi
                0x0000000000005c20                usb_handle_setup
                0x0000000000005d3e                usb_handle_control_out_complete
                0x0000000000005d4c                usb_handle_control_in_complete
 .text          0x0000000000005d74      0x4ce build/keyplus_mini-atxmega32c3/obj/./src/xusb/xmega/usb_xmega.c.o
                0x0000000000005dbe                usb_reset
                0x0000000000005e04                usb_init
                0x0000000000005f0a                usb_set_address
                0x0000000000005f10                usb_ep0_from_progmem
                0x0000000000005f32                usb_ep_start_out
                0x0000000000005f6e                usb_ep_start_in
                0x0000000000005fbe                usb_ep_ready
                0x0000000000005ffa                usb_ep_pending
                0x0000000000006034                usb_ep_handled
                0x000000000000606a                usb_ep_out_length
                0x00000000000060a0                usb_detach
                0x00000000000060ac                usb_attach
                0x00000000000060b8                usb_ep0_out
                0x00000000000060c6                usb_ep0_in
                0x00000000000060d6                usb_ep0_stall
                0x00000000000060e8                usb_set_speed
                0x00000000000060ea                usb_get_speed
                0x00000000000060f0                usb_configure_clock
                0x0000000000006172                get_sof_count
                0x000000000000618a                has_usb_connection
                0x0000000000006198                usb_poll
                0x00000000000061aa                __vector_125
                0x00000000000061f2                __vector_126
 .text          0x0000000000006242      0x388 build/keyplus_mini-atxmega32c3/obj/descriptors.c.o
                0x00000000000062b8                read_production_signature_byte
                0x00000000000062c8                usb_cb_get_descriptor
                0x0000000000006474                usb_cb_reset
                0x00000000000064e2                usb_cb_set_configuration
                0x00000000000064ee                usb_cb_completion
                0x00000000000064f0                usb_cb_control_setup
                0x00000000000065c2                usb_cb_control_in_completion
                0x00000000000065c4                usb_cb_control_out_completion
                0x00000000000065c6                usb_cb_set_interface
 .text          0x00000000000065ca       0xd2 build/keyplus_mini-atxmega32c3/obj/usb_reports.c.o
                0x00000000000065ca                is_in_endpoint_ready
                0x00000000000065e2                is_out_endpoint_ready
                0x00000000000065f8                usb_write_in_endpoint
                0x0000000000006644                usb_read_out_endpoint
 .text          0x000000000000669c      0x21a build/keyplus_mini-atxmega32c3/obj/wired.c.o
                0x000000000000674a                __vector_46
                0x0000000000006796                __vector_45
                0x00000000000067e2                i2c_init
                0x0000000000006850                i2c_get_active_address
                0x0000000000006856                i2c_broadcast
                0x0000000000006864                i2c_calculate_checksum
                0x000000000000687c                i2c_get_buffer
                0x000000000000689c                i2c_buffer_advance
 .text          0x00000000000068b6      0x178 build/keyplus_mini-atxmega32c3/obj/nrf24.c.o
                0x00000000000068b6                nrf24_spi_send_byte
                0x00000000000068c8                nrf24_csn
                0x00000000000068dc                nrf24_ce
                0x00000000000068f0                nrf24_init
                0x0000000000006986                nrf24_disable
                0x00000000000069a6                rf_init_receive_irq
                0x00000000000069c6                rf_enable_receive_irq
                0x00000000000069d2                rf_disable_receive_irq
                0x00000000000069de                nrf24_irq
                0x00000000000069e6                __vector_5
 .text          0x0000000000006a2e       0x18 build/keyplus_mini-atxmega32c3/obj/aes.c.o
                0x0000000000006a2e                aes_key_init
                0x0000000000006a36                aes_encrypt
                0x0000000000006a3e                aes_decrypt
 .text          0x0000000000006a46       0xc8 build/keyplus_mini-atxmega32c3/obj/aes/avr-crypto-lib/aes_aleph_keyschedule-asm.S.o
                0x0000000000006a46                aes256_init
                0x0000000000006a4e                aes192_init
                0x0000000000006a56                aes128_init
                0x0000000000006a5c                aes_init
 *fill*         0x0000000000006b0e       0xf2 
 .text          0x0000000000006c00      0x100 build/keyplus_mini-atxmega32c3/obj/aes/avr-crypto-lib/aes_invsbox-asm.S.o
                0x0000000000006c00                aes_invsbox
 .text          0x0000000000006d00      0x100 build/keyplus_mini-atxmega32c3/obj/aes/avr-crypto-lib/aes_sbox-asm.S.o
                0x0000000000006d00                aes_sbox
 .text          0x0000000000006e00      0x226 build/keyplus_mini-atxmega32c3/obj/aes/avr-crypto-lib/aes_enc-asm.S.o
                0x0000000000006e00                aes256_enc
                0x0000000000006e04                aes192_enc
                0x0000000000006e08                aes128_enc
                0x0000000000006e0a                aes_encrypt_core
 *fill*         0x0000000000007026       0xda 
 .text          0x0000000000007100      0x500 build/keyplus_mini-atxmega32c3/obj/aes/avr-crypto-lib/aes_dec-asm_faster.S.o
                0x0000000000007100                aes256_dec
                0x0000000000007104                aes192_dec
                0x0000000000007108                aes128_dec
                0x000000000000710a                aes_decrypt_core
                0x0000000000007600                . = ALIGN (0x2)
 *(.text.*)
 .text.startup  0x0000000000007600       0x20 build/keyplus_mini-atxmega32c3/obj/main.c.o
                0x0000000000007600                main
 .text.libgcc.div
                0x0000000000007620       0x18 /usr/lib/gcc/avr/5.4.0/avrxmega2/libgcc.a(_udivmodqi4.o)
                0x0000000000007620                __udivmodqi4
 .text.avr-libc
                0x0000000000007638       0x12 /usr/lib/gcc/avr/5.4.0/../../../avr/lib/avrxmega2/libc.a(memcpy_P.o)
                0x0000000000007638                memcpy_P
 .text.avr-libc
                0x000000000000764a       0x12 /usr/lib/gcc/avr/5.4.0/../../../avr/lib/avrxmega2/libc.a(memcpy.o)
                0x000000000000764a                memcpy
 .text.avr-libc
                0x000000000000765c        0xe /usr/lib/gcc/avr/5.4.0/../../../avr/lib/avrxmega2/libc.a(memset.o)
                0x000000000000765c                memset
 .text.avr-libc
                0x000000000000766a        0xa /usr/lib/gcc/avr/5.4.0/../../../avr/lib/avrxmega2/libatxmega32c3.a(eerd_word.o)
                0x000000000000766a                eeprom_read_word
 .text.avr-libc
                0x0000000000007674        0xc /usr/lib/gcc/avr/5.4.0/../../../avr/lib/avrxmega2/libatxmega32c3.a(eeupd_word.o)
                0x0000000000007674                eeprom_update_word
 .text.avr-libc
                0x0000000000007680       0x20 /usr/lib/gcc/avr/5.4.0/../../../avr/lib/avrxmega2/libatxmega32c3.a(eerd_byte.o)
                0x0000000000007680                eeprom_read_byte
                0x0000000000007688                eeprom_mapen
 .text.avr-libc
                0x00000000000076a0       0x16 /usr/lib/gcc/avr/5.4.0/../../../avr/lib/avrxmega2/libatxmega32c3.a(eeupd_byte.o)
                0x00000000000076a0                eeprom_update_byte
                0x00000000000076a2                eeprom_update_r18
 .text.avr-libc
                0x00000000000076b6       0x46 /usr/lib/gcc/avr/5.4.0/../../../avr/lib/avrxmega2/libatxmega32c3.a(eewr_byte.o)
                0x00000000000076b6                eeprom_write_byte
                0x00000000000076b8                eeprom_write_r18
                0x00000000000076fc                . = ALIGN (0x2)
 *(.fini9)
 .fini9         0x00000000000076fc        0x0 /usr/lib/gcc/avr/5.4.0/avrxmega2/libgcc.a(_exit.o)
                0x00000000000076fc                exit
                0x00000000000076fc                _exit
 *(.fini9)
 *(.fini8)
 *(.fini8)
 *(.fini7)
 *(.fini7)
 *(.fini6)
 *(.fini6)
 *(.fini5)
 *(.fini5)
 *(.fini4)
 *(.fini4)
 *(.fini3)
 *(.fini3)
 *(.fini2)
 *(.fini2)
 *(.fini1)
 *(.fini1)
 *(.fini0)
 .fini0         0x00000000000076fc        0x4 /usr/lib/gcc/avr/5.4.0/avrxmega2/libgcc.a(_exit.o)
 *(.fini0)
                0x0000000000007700                _etext = .

.data           0x0000000000802000       0x60 load address 0x0000000000007700
                0x0000000000802000                PROVIDE (__data_start, .)
 *(.data)
 .data          0x0000000000802000        0x1 build/keyplus_mini-atxmega32c3/obj/D../D../src/core/hardware.c.o
                0x0000000000802000                g_slow_clock_mode
 .data          0x0000000000802001        0x1 build/keyplus_mini-atxmega32c3/obj/D../D../src/core/matrix_interpret.c.o
                0x0000000000802001                dongle_active
 .data          0x0000000000802002        0x6 build/keyplus_mini-atxmega32c3/obj/D../D../src/core/unifying.c.o
 .data          0x0000000000802008        0x5 build/keyplus_mini-atxmega32c3/obj/D../D../src/key_handlers/key_custom.c.o
                0x0000000000802008                custom_keycodes
 .data          0x000000000080200d       0x10 build/keyplus_mini-atxmega32c3/obj/D../D../src/key_handlers/key_handlers.c.o
                0x000000000080200d                g_keyhandler_list
 .data          0x000000000080201d        0x5 build/keyplus_mini-atxmega32c3/obj/D../D../src/key_handlers/key_hold.c.o
                0x000000000080201d                hold_keycodes
 .data          0x0000000000802022        0x5 build/keyplus_mini-atxmega32c3/obj/D../D../src/key_handlers/key_media.c.o
                0x0000000000802022                media_keycodes
 .data          0x0000000000802027        0x5 build/keyplus_mini-atxmega32c3/obj/D../D../src/key_handlers/key_mouse.c.o
                0x0000000000802027                mouse_keycodes
 .data          0x000000000080202c        0xa build/keyplus_mini-atxmega32c3/obj/D../D../src/key_handlers/key_normal.c.o
                0x000000000080202c                modkey_keycodes
                0x0000000000802031                layer_keycodes
 .data          0x0000000000802036        0x5 build/keyplus_mini-atxmega32c3/obj/D../D../src/key_handlers/key_macro.c.o
                0x0000000000802036                macro_keycodes
 .data          0x000000000080203b        0x8 build/keyplus_mini-atxmega32c3/obj/descriptors.c.o
                0x000000000080203b                manufacturer_string
 *(.data*)
 *(.rodata)
 .rodata        0x0000000000802043        0x3 build/keyplus_mini-atxmega32c3/obj/D../D../src/core/unifying.c.o
 .rodata        0x0000000000802046        0xa build/keyplus_mini-atxmega32c3/obj/D../D../src/key_handlers/key_media.c.o
 .rodata        0x0000000000802050        0x1 build/keyplus_mini-atxmega32c3/obj/main.c.o
                0x0000000000802050                usb_num_endpoints
 .rodata        0x0000000000802051        0xe build/keyplus_mini-atxmega32c3/obj/port_impl/io_map.c.o
                0x0000000000802051                g_io_port_map
 *(.rodata*)
 *(.gnu.linkonce.d*)
                0x0000000000802060                . = ALIGN (0x2)
 *fill*         0x000000000080205f        0x1 
                0x0000000000802060                _edata = .
                0x0000000000802060                PROVIDE (__data_end, .)

.bss            0x0000000000802060      0xcaa
                0x0000000000802060                PROVIDE (__bss_start, .)
 *(.bss)
 .bss           0x0000000000802060        0x1 build/keyplus_mini-atxmega32c3/obj/D../D../src/core/error.c.o
 .bss           0x0000000000802061      0x121 build/keyplus_mini-atxmega32c3/obj/D../D../src/core/matrix_scanner.c.o
 .bss           0x0000000000802182        0x9 build/keyplus_mini-atxmega32c3/obj/D../D../src/core/usb_commands.c.o
 .bss           0x000000000080218b       0x1f build/keyplus_mini-atxmega32c3/obj/D../D../src/core/macro.c.o
 .bss           0x00000000008021aa       0x12 build/keyplus_mini-atxmega32c3/obj/D../D../src/core/mods.c.o
 .bss           0x00000000008021bc       0x15 build/keyplus_mini-atxmega32c3/obj/D../D../src/core/matrix_interpret.c.o
                0x00000000008021bc                g_input_disabled
 .bss           0x00000000008021d1       0x98 build/keyplus_mini-atxmega32c3/obj/D../D../src/core/rf.c.o
 .bss           0x0000000000802269        0x5 build/keyplus_mini-atxmega32c3/obj/D../D../src/core/nonce.c.o
 .bss           0x000000000080226e       0x2c build/keyplus_mini-atxmega32c3/obj/D../D../src/core/unifying.c.o
 .bss           0x000000000080229a       0x19 build/keyplus_mini-atxmega32c3/obj/D../D../src/core/mouse.c.o
                0x000000000080229a                s_gesture
                0x00000000008022aa                g_mouse_activity
                0x00000000008022ab                g_mouse_state
 .bss           0x00000000008022b3       0x10 build/keyplus_mini-atxmega32c3/obj/D../D../src/hid_reports/keyboard_report.c.o
 .bss           0x00000000008022c3        0x1 build/keyplus_mini-atxmega32c3/obj/D../D../src/hid_reports/media_report.c.o
                0x00000000008022c3                g_report_pending_media
 .bss           0x00000000008022c4        0x1 build/keyplus_mini-atxmega32c3/obj/D../D../src/hid_reports/mouse_report.c.o
                0x00000000008022c4                g_report_pending_mouse
 .bss           0x00000000008022c5        0x4 build/keyplus_mini-atxmega32c3/obj/D../D../src/key_handlers/key_custom.c.o
 .bss           0x00000000008022c9        0x1 build/keyplus_mini-atxmega32c3/obj/D../D../src/key_handlers/key_hold.c.o
 .bss           0x00000000008022ca        0x4 build/keyplus_mini-atxmega32c3/obj/D../D../src/key_handlers/key_mouse.c.o
 .bss           0x00000000008022ce       0x48 build/keyplus_mini-atxmega32c3/obj/matrix_scanner.c.o
 .bss           0x0000000000802316        0x2 build/keyplus_mini-atxmega32c3/obj/power.c.o
 .bss           0x0000000000802318        0x5 build/keyplus_mini-atxmega32c3/obj/port_impl/timer.c.o
 .bss           0x000000000080231d        0x5 build/keyplus_mini-atxmega32c3/obj/./src/xusb/usb_requests.c.o
 .bss           0x0000000000802322        0x5 build/keyplus_mini-atxmega32c3/obj/./src/xusb/xmega/usb_xmega.c.o
 .bss           0x0000000000802327       0xbb build/keyplus_mini-atxmega32c3/obj/descriptors.c.o
                0x0000000000802327                usbFrameCnt
                0x0000000000802328                usbHidIdle
                0x0000000000802329                ep4_buf_out
                0x0000000000802369                ep5_buf_in
                0x0000000000802389                ep4_buf_in
                0x00000000008023c9                ep3_buf_in
                0x00000000008023d1                ep2_buf_in
                0x00000000008023d9                ep1_buf_in
 .bss           0x00000000008023e2       0xd9 build/keyplus_mini-atxmega32c3/obj/wired.c.o
 .bss           0x00000000008024bb        0x1 build/keyplus_mini-atxmega32c3/obj/nrf24.c.o
                0x00000000008024bb                is_nrf24_initialized
 .bss           0x00000000008024bc       0xb0 build/keyplus_mini-atxmega32c3/obj/aes.c.o
 *(.bss*)
 *(COMMON)
 COMMON         0x000000000080256c       0x10 build/keyplus_mini-atxmega32c3/obj/D../D../src/core/error.c.o
                0x000000000080256c                g_error_code_table
 COMMON         0x000000000080257c        0x3 build/keyplus_mini-atxmega32c3/obj/D../D../src/core/hardware.c.o
                0x000000000080257c                g_has_usb_port
                0x000000000080257d                USB_dtype
 COMMON         0x000000000080257f       0x80 build/keyplus_mini-atxmega32c3/obj/D../D../src/core/layout.c.o
                0x000000000080257f                g_layout_storage_pos
 COMMON         0x00000000008025ff       0x44 build/keyplus_mini-atxmega32c3/obj/D../D../src/core/settings.c.o
                0x00000000008025ff                g_runtime_settings
                0x0000000000802603                g_rf_settings
 COMMON         0x0000000000802643        0x7 build/keyplus_mini-atxmega32c3/obj/D../D../src/core/io_map.c.o
                0x0000000000802643                s_available_pins
 COMMON         0x000000000080264a       0xbd build/keyplus_mini-atxmega32c3/obj/D../D../src/core/matrix_scanner.c.o
                0x000000000080264a                g_matrix
                0x00000000008026c8                g_scan_plan
                0x00000000008026d3                g_down_list_len
                0x00000000008026d4                g_down_list
                0x00000000008026e4                g_key_num_bitmap
                0x00000000008026f4                s_has_updated
                0x00000000008026f5                g_delta_list
                0x0000000000802705                s_has_raw_matrix_updated
                0x0000000000802706                g_delta_list_len
 COMMON         0x0000000000802707      0x197 build/keyplus_mini-atxmega32c3/obj/D../D../src/core/matrix_interpret.c.o
                0x0000000000802707                g_keyboard_slots
                0x0000000000802837                s_read_event_queue
                0x0000000000802838                s_has_dirty_event_queue
                0x0000000000802839                s_slot_id_map
                0x0000000000802879                s_key_event_queues
                0x000000000080289b                s_slot_fifo_pos
                0x000000000080289c                s_has_dirty_matrix
                0x000000000080289d                s_buffered_key_len
 COMMON         0x000000000080289e        0x6 build/keyplus_mini-atxmega32c3/obj/D../D../src/core/keycode.c.o
                0x000000000080289e                g_ekc_storage_ptr
                0x00000000008028a0                g_ekc_storage_size
 COMMON         0x00000000008028a4      0x143 build/keyplus_mini-atxmega32c3/obj/D../D../src/core/rf.c.o
                0x00000000008028a4                device_uid_list
                0x00000000008029e4                g_rf_enabled
                0x00000000008029e5                dev_sync_state_t
 COMMON         0x00000000008029e7       0x25 build/keyplus_mini-atxmega32c3/obj/D../D../src/hid_reports/keyboard_report.c.o
                0x00000000008029e7                g_boot_keyboard_report
                0x00000000008029ef                g_nkro_keyboard_report
 COMMON         0x0000000000802a0c        0x3 build/keyplus_mini-atxmega32c3/obj/D../D../src/hid_reports/media_report.c.o
                0x0000000000802a0c                g_media_report
 COMMON         0x0000000000802a0f      0x186 build/keyplus_mini-atxmega32c3/obj/D../D../src/hid_reports/vendor_report.c.o
                0x0000000000802a0f                g_vendor_report_out
                0x0000000000802a50                g_vendor_report_in
                0x0000000000802a91                s_vendor_buffer_out
                0x0000000000802b13                s_vendor_buffer_in
 COMMON         0x0000000000802b95        0x8 build/keyplus_mini-atxmega32c3/obj/D../D../src/hid_reports/mouse_report.c.o
                0x0000000000802b95                g_mouse_report
 COMMON         0x0000000000802b9d       0x1d build/keyplus_mini-atxmega32c3/obj/D../D../src/key_handlers/key_hold.c.o
                0x0000000000802b9d                hold_event_list_len
                0x0000000000802b9e                hold_event_list
 COMMON         0x0000000000802bba       0x60 build/keyplus_mini-atxmega32c3/obj/main.c.o
                0x0000000000802bba                usb_xmega_endpoints
 *fill*         0x0000000000802c1a        0x2 
 COMMON         0x0000000000802c1c       0x8c build/keyplus_mini-atxmega32c3/obj/./src/xusb/usb_requests.c.o
                0x0000000000802c1c                ep0_buf_in
                0x0000000000802c5c                usb_configuration
                0x0000000000802c5d                usb_setup
                0x0000000000802c68                ep0_buf_out
 COMMON         0x0000000000802ca8       0x62 build/keyplus_mini-atxmega32c3/obj/descriptors.c.o
                0x0000000000802ca8                string_copy_buf
                0x0000000000802cc8                string_desc_buf
                0x0000000000802d0a                PROVIDE (__bss_end, .)

.key_settings_block
                0x0000000000007a00      0x200
 *(.key_settings_block)
 .key_settings_block
                0x0000000000007a00      0x200 build/keyplus_mini-atxmega32c3/obj/D../D../src/core/settings.c.o
                0x0000000000007a00                g_settings_storage

.key_layout_block
                0x0000000000007c00      0x400
 *(.key_layout_block)
 .key_layout_block
                0x0000000000007c00      0x400 build/keyplus_mini-atxmega32c3/obj/D../D../src/core/layout.c.o
                0x0000000000007c00                g_layout_storage
                0x0000000000007700                __data_load_start = LOADADDR (.data)
                0x0000000000007760                __data_load_end = (__data_load_start + SIZEOF (.data))

.noinit         0x0000000000802d0a        0x0
                [!provide]                        PROVIDE (__noinit_start, .)
 *(.noinit*)
                [!provide]                        PROVIDE (__noinit_end, .)
                0x0000000000802d0a                _end = .
                [!provide]                        PROVIDE (__heap_start, .)

.eeprom         0x0000000000810000        0x0
 *(.eeprom*)
                0x0000000000810000                __eeprom_end = .

.fuse           0x0000000000820000        0x6
 *(.fuse)
 .fuse          0x0000000000820000        0x6 build/keyplus_mini-atxmega32c3/obj/fuses.c.o
                0x0000000000820000                fuses
 *(.lfuse)
 *(.hfuse)
 *(.efuse)

.lock           0x0000000000830000        0x1
 *(.lock*)
 .lock          0x0000000000830000        0x1 build/keyplus_mini-atxmega32c3/obj/fuses.c.o
                0x0000000000830000                lockbits

.signature
 *(.signature*)

.stab           0x0000000000000000    0x20ea4
 *(.stab)
 .stab          0x0000000000000000     0x1ac4 build/keyplus_mini-atxmega32c3/obj/D../D../src/core/crc.c.o
 .stab          0x0000000000001ac4      0x510 build/keyplus_mini-atxmega32c3/obj/D../D../src/core/error.c.o
                                       0x15a8 (size before relaxing)
 .stab          0x0000000000001fd4      0x744 build/keyplus_mini-atxmega32c3/obj/D../D../src/core/flash.c.o
                                       0x19bc (size before relaxing)
 .stab          0x0000000000002718      0xbe8 build/keyplus_mini-atxmega32c3/obj/D../D../src/core/hardware.c.o
                                       0x20f4 (size before relaxing)
 .stab          0x0000000000003300      0x6d8 build/keyplus_mini-atxmega32c3/obj/D../D../src/core/layout.c.o
                                       0x1c38 (size before relaxing)
 .stab          0x00000000000039d8      0x624 build/keyplus_mini-atxmega32c3/obj/D../D../src/core/packet.c.o
                                       0x17e8 (size before relaxing)
 .stab          0x0000000000003ffc      0x60c build/keyplus_mini-atxmega32c3/obj/D../D../src/core/ring_buf.c.o
                                       0x1710 (size before relaxing)
 .stab          0x0000000000004608      0x420 build/keyplus_mini-atxmega32c3/obj/D../D../src/core/settings.c.o
                                       0x17b8 (size before relaxing)
 .stab          0x0000000000004a28      0x5a0 build/keyplus_mini-atxmega32c3/obj/D../D../src/core/io_map.c.o
                                       0x1b30 (size before relaxing)
 .stab          0x0000000000004fc8      0xffc build/keyplus_mini-atxmega32c3/obj/D../D../src/core/matrix_scanner.c.o
                                       0x25a4 (size before relaxing)
 .stab          0x0000000000005fc4     0x1584 build/keyplus_mini-atxmega32c3/obj/D../D../src/core/usb_commands.c.o
                                       0x2e2c (size before relaxing)
 .stab          0x0000000000007548      0xbc4 build/keyplus_mini-atxmega32c3/obj/D../D../src/core/macro.c.o
                                       0x23a0 (size before relaxing)
 .stab          0x000000000000810c      0x984 build/keyplus_mini-atxmega32c3/obj/D../D../src/core/mods.c.o
                                       0x1d4c (size before relaxing)
 .stab          0x0000000000008a90     0x20dc build/keyplus_mini-atxmega32c3/obj/D../D../src/core/matrix_interpret.c.o
                                       0x3930 (size before relaxing)
 .stab          0x000000000000ab6c      0x4b0 build/keyplus_mini-atxmega32c3/obj/D../D../src/core/keycode.c.o
                                       0x1668 (size before relaxing)
 .stab          0x000000000000b01c      0xb88 build/keyplus_mini-atxmega32c3/obj/D../D../src/core/nrf24.c.o
                                       0x1cc8 (size before relaxing)
 .stab          0x000000000000bba4     0x14ac build/keyplus_mini-atxmega32c3/obj/D../D../src/core/rf.c.o
                                       0x2c4c (size before relaxing)
 .stab          0x000000000000d050      0x3cc build/keyplus_mini-atxmega32c3/obj/D../D../src/core/nonce.c.o
                                       0x1470 (size before relaxing)
 .stab          0x000000000000d41c     0x10e0 build/keyplus_mini-atxmega32c3/obj/D../D../src/core/unifying.c.o
                                       0x2a00 (size before relaxing)
 .stab          0x000000000000e4fc      0xb04 build/keyplus_mini-atxmega32c3/obj/D../D../src/core/mouse.c.o
                                       0x222c (size before relaxing)
 .stab          0x000000000000f000      0xf90 build/keyplus_mini-atxmega32c3/obj/D../D../src/hid_reports/keyboard_report.c.o
                                       0x2790 (size before relaxing)
 .stab          0x000000000000ff90      0x57c build/keyplus_mini-atxmega32c3/obj/D../D../src/hid_reports/media_report.c.o
                                       0x1c14 (size before relaxing)
 .stab          0x000000000001050c      0xb1c build/keyplus_mini-atxmega32c3/obj/D../D../src/hid_reports/vendor_report.c.o
                                       0x21f0 (size before relaxing)
 .stab          0x0000000000011028      0x654 build/keyplus_mini-atxmega32c3/obj/D../D../src/hid_reports/mouse_report.c.o
                                       0x1ca4 (size before relaxing)
 .stab          0x000000000001167c      0x4c8 build/keyplus_mini-atxmega32c3/obj/D../D../src/hid_reports/hid_reports.c.o
                                       0x19d4 (size before relaxing)
 .stab          0x0000000000011b44      0x534 build/keyplus_mini-atxmega32c3/obj/D../D../src/usb/desc/normal/descriptors.c.o
                                       0x1950 (size before relaxing)
 .stab          0x0000000000012078      0x6cc build/keyplus_mini-atxmega32c3/obj/D../D../src/key_handlers/key_custom.c.o
                                       0x2154 (size before relaxing)
 .stab          0x0000000000012744      0x354 build/keyplus_mini-atxmega32c3/obj/D../D../src/key_handlers/key_handlers.c.o
                                       0x1584 (size before relaxing)
 .stab          0x0000000000012a98      0xa80 build/keyplus_mini-atxmega32c3/obj/D../D../src/key_handlers/key_hold.c.o
                                       0x1d70 (size before relaxing)
 .stab          0x0000000000013518      0x570 build/keyplus_mini-atxmega32c3/obj/D../D../src/key_handlers/key_media.c.o
                                       0x1aac (size before relaxing)
 .stab          0x0000000000013a88      0x948 build/keyplus_mini-atxmega32c3/obj/D../D../src/key_handlers/key_mouse.c.o
                                       0x1ef0 (size before relaxing)
 .stab          0x00000000000143d0      0x888 build/keyplus_mini-atxmega32c3/obj/D../D../src/key_handlers/key_normal.c.o
                                       0x1df4 (size before relaxing)
 .stab          0x0000000000014c58      0x540 build/keyplus_mini-atxmega32c3/obj/D../D../src/key_handlers/key_macro.c.o
                                       0x1800 (size before relaxing)
 .stab          0x0000000000015198      0xb04 build/keyplus_mini-atxmega32c3/obj/xmega_hardware/twi_slave_driver.c.o
                                       0x1b90 (size before relaxing)
 .stab          0x0000000000015c9c      0xbe8 build/keyplus_mini-atxmega32c3/obj/xmega_hardware/twi_master_driver.c.o
                                       0x1cb0 (size before relaxing)
 .stab          0x0000000000016884      0x4ec build/keyplus_mini-atxmega32c3/obj/arch/avr/nonce.c.o
                                       0x1590 (size before relaxing)
 .stab          0x0000000000016d70      0x2f4 build/keyplus_mini-atxmega32c3/obj/fuses.c.o
                                       0x135c (size before relaxing)
 .stab          0x0000000000017064      0x714 build/keyplus_mini-atxmega32c3/obj/hardware.c.o
                                       0x1b54 (size before relaxing)
 .stab          0x0000000000017778      0xde0 build/keyplus_mini-atxmega32c3/obj/main.c.o
                                       0x2a0c (size before relaxing)
 .stab          0x0000000000018558     0x10f8 build/keyplus_mini-atxmega32c3/obj/matrix_scanner.c.o
                                       0x22ec (size before relaxing)
 .stab          0x0000000000019650      0x888 build/keyplus_mini-atxmega32c3/obj/power.c.o
                                       0x1a88 (size before relaxing)
 .stab          0x0000000000019ed8      0x324 build/keyplus_mini-atxmega32c3/obj/port_impl/io_map.c.o
                                       0x144c (size before relaxing)
 .stab          0x000000000001a1fc      0x3d8 build/keyplus_mini-atxmega32c3/obj/port_impl/led.c.o
                                       0x147c (size before relaxing)
 .stab          0x000000000001a5d4      0x924 build/keyplus_mini-atxmega32c3/obj/port_impl/timer.c.o
                                       0x19d4 (size before relaxing)
 .stab          0x000000000001aef8      0x720 build/keyplus_mini-atxmega32c3/obj/port_impl/flash.c.o
                                       0x1824 (size before relaxing)
 .stab          0x000000000001b618      0x840 build/keyplus_mini-atxmega32c3/obj/./src/xusb/usb_requests.c.o
                                       0x195c (size before relaxing)
 .stab          0x000000000001be58     0x1074 build/keyplus_mini-atxmega32c3/obj/./src/xusb/xmega/usb_xmega.c.o
                                       0x22ec (size before relaxing)
 .stab          0x000000000001cecc      0xeb8 build/keyplus_mini-atxmega32c3/obj/descriptors.c.o
                                       0x2664 (size before relaxing)
 .stab          0x000000000001dd84      0x654 build/keyplus_mini-atxmega32c3/obj/usb_reports.c.o
                                       0x1b6c (size before relaxing)
 .stab          0x000000000001e3d8      0xa2c build/keyplus_mini-atxmega32c3/obj/wired.c.o
                                       0x1f20 (size before relaxing)
 .stab          0x000000000001ee04      0x8a0 build/keyplus_mini-atxmega32c3/obj/nrf24.c.o
                                       0x1f98 (size before relaxing)
 .stab          0x000000000001f6a4      0x498 build/keyplus_mini-atxmega32c3/obj/aes.c.o
                                       0x1578 (size before relaxing)
 .stab          0x000000000001fb3c      0x480 build/keyplus_mini-atxmega32c3/obj/aes/avr-crypto-lib/aes_aleph_keyschedule-asm.S.o
                                        0x48c (size before relaxing)
 .stab          0x000000000001ffbc        0xc build/keyplus_mini-atxmega32c3/obj/aes/avr-crypto-lib/aes_invsbox-asm.S.o
                                         0x18 (size before relaxing)
 .stab          0x000000000001ffc8        0xc build/keyplus_mini-atxmega32c3/obj/aes/avr-crypto-lib/aes_sbox-asm.S.o
                                         0x18 (size before relaxing)
 .stab          0x000000000001ffd4      0x354 build/keyplus_mini-atxmega32c3/obj/aes/avr-crypto-lib/aes_enc-asm.S.o
                                        0x360 (size before relaxing)
 .stab          0x0000000000020328      0xb7c build/keyplus_mini-atxmega32c3/obj/aes/avr-crypto-lib/aes_dec-asm_faster.S.o
                                        0xb88 (size before relaxing)

.stabstr        0x0000000000000000    0x27ff5
 *(.stabstr)
 .stabstr       0x0000000000000000    0x27ff5 build/keyplus_mini-atxmega32c3/obj/D../D../src/core/crc.c.o

.stab.excl
 *(.stab.excl)

.stab.exclstr
 *(.stab.exclstr)

.stab.index
 *(.stab.index)

.stab.indexstr
 *(.stab.indexstr)

.comment        0x0000000000000000       0x11
 *(.comment)
 .comment       0x0000000000000000       0x11 build/keyplus_mini-atxmega32c3/obj/D../D../src/core/crc.c.o
                                         0x12 (size before relaxing)
 .comment       0x0000000000000011       0x12 build/keyplus_mini-atxmega32c3/obj/D../D../src/core/error.c.o
 .comment       0x0000000000000011       0x12 build/keyplus_mini-atxmega32c3/obj/D../D../src/core/flash.c.o
 .comment       0x0000000000000011       0x12 build/keyplus_mini-atxmega32c3/obj/D../D../src/core/hardware.c.o
 .comment       0x0000000000000011       0x12 build/keyplus_mini-atxmega32c3/obj/D../D../src/core/layout.c.o
 .comment       0x0000000000000011       0x12 build/keyplus_mini-atxmega32c3/obj/D../D../src/core/packet.c.o
 .comment       0x0000000000000011       0x12 build/keyplus_mini-atxmega32c3/obj/D../D../src/core/ring_buf.c.o
 .comment       0x0000000000000011       0x12 build/keyplus_mini-atxmega32c3/obj/D../D../src/core/settings.c.o
 .comment       0x0000000000000011       0x12 build/keyplus_mini-atxmega32c3/obj/D../D../src/core/io_map.c.o
 .comment       0x0000000000000011       0x12 build/keyplus_mini-atxmega32c3/obj/D../D../src/core/matrix_scanner.c.o
 .comment       0x0000000000000011       0x12 build/keyplus_mini-atxmega32c3/obj/D../D../src/core/usb_commands.c.o
 .comment       0x0000000000000011       0x12 build/keyplus_mini-atxmega32c3/obj/D../D../src/core/macro.c.o
 .comment       0x0000000000000011       0x12 build/keyplus_mini-atxmega32c3/obj/D../D../src/core/mods.c.o
 .comment       0x0000000000000011       0x12 build/keyplus_mini-atxmega32c3/obj/D../D../src/core/matrix_interpret.c.o
 .comment       0x0000000000000011       0x12 build/keyplus_mini-atxmega32c3/obj/D../D../src/core/keycode.c.o
 .comment       0x0000000000000011       0x12 build/keyplus_mini-atxmega32c3/obj/D../D../src/core/nrf24.c.o
 .comment       0x0000000000000011       0x12 build/keyplus_mini-atxmega32c3/obj/D../D../src/core/rf.c.o
 .comment       0x0000000000000011       0x12 build/keyplus_mini-atxmega32c3/obj/D../D../src/core/nonce.c.o
 .comment       0x0000000000000011       0x12 build/keyplus_mini-atxmega32c3/obj/D../D../src/core/unifying.c.o
 .comment       0x0000000000000011       0x12 build/keyplus_mini-atxmega32c3/obj/D../D../src/core/mouse.c.o
 .comment       0x0000000000000011       0x12 build/keyplus_mini-atxmega32c3/obj/D../D../src/hid_reports/keyboard_report.c.o
 .comment       0x0000000000000011       0x12 build/keyplus_mini-atxmega32c3/obj/D../D../src/hid_reports/media_report.c.o
 .comment       0x0000000000000011       0x12 build/keyplus_mini-atxmega32c3/obj/D../D../src/hid_reports/vendor_report.c.o
 .comment       0x0000000000000011       0x12 build/keyplus_mini-atxmega32c3/obj/D../D../src/hid_reports/mouse_report.c.o
 .comment       0x0000000000000011       0x12 build/keyplus_mini-atxmega32c3/obj/D../D../src/hid_reports/hid_reports.c.o
 .comment       0x0000000000000011       0x12 build/keyplus_mini-atxmega32c3/obj/D../D../src/usb/desc/normal/descriptors.c.o
 .comment       0x0000000000000011       0x12 build/keyplus_mini-atxmega32c3/obj/D../D../src/key_handlers/key_custom.c.o
 .comment       0x0000000000000011       0x12 build/keyplus_mini-atxmega32c3/obj/D../D../src/key_handlers/key_handlers.c.o
 .comment       0x0000000000000011       0x12 build/keyplus_mini-atxmega32c3/obj/D../D../src/key_handlers/key_hold.c.o
 .comment       0x0000000000000011       0x12 build/keyplus_mini-atxmega32c3/obj/D../D../src/key_handlers/key_media.c.o
 .comment       0x0000000000000011       0x12 build/keyplus_mini-atxmega32c3/obj/D../D../src/key_handlers/key_mouse.c.o
 .comment       0x0000000000000011       0x12 build/keyplus_mini-atxmega32c3/obj/D../D../src/key_handlers/key_normal.c.o
 .comment       0x0000000000000011       0x12 build/keyplus_mini-atxmega32c3/obj/D../D../src/key_handlers/key_macro.c.o
 .comment       0x0000000000000011       0x12 build/keyplus_mini-atxmega32c3/obj/xmega_hardware/twi_slave_driver.c.o
 .comment       0x0000000000000011       0x12 build/keyplus_mini-atxmega32c3/obj/xmega_hardware/twi_master_driver.c.o
 .comment       0x0000000000000011       0x12 build/keyplus_mini-atxmega32c3/obj/arch/avr/nonce.c.o
 .comment       0x0000000000000011       0x12 build/keyplus_mini-atxmega32c3/obj/fuses.c.o
 .comment       0x0000000000000011       0x12 build/keyplus_mini-atxmega32c3/obj/hardware.c.o
 .comment       0x0000000000000011       0x12 build/keyplus_mini-atxmega32c3/obj/main.c.o
 .comment       0x0000000000000011       0x12 build/keyplus_mini-atxmega32c3/obj/matrix_scanner.c.o
 .comment       0x0000000000000011       0x12 build/keyplus_mini-atxmega32c3/obj/power.c.o
 .comment       0x0000000000000011       0x12 build/keyplus_mini-atxmega32c3/obj/port_impl/io_map.c.o
 .comment       0x0000000000000011       0x12 build/keyplus_mini-atxmega32c3/obj/port_impl/led.c.o
 .comment       0x0000000000000011       0x12 build/keyplus_mini-atxmega32c3/obj/port_impl/timer.c.o
 .comment       0x0000000000000011       0x12 build/keyplus_mini-atxmega32c3/obj/port_impl/flash.c.o
 .comment       0x0000000000000011       0x12 build/keyplus_mini-atxmega32c3/obj/./src/xusb/usb_requests.c.o
 .comment       0x0000000000000011       0x12 build/keyplus_mini-atxmega32c3/obj/./src/xusb/xmega/usb_xmega.c.o
 .comment       0x0000000000000011       0x12 build/keyplus_mini-atxmega32c3/obj/descriptors.c.o
 .comment       0x0000000000000011       0x12 build/keyplus_mini-atxmega32c3/obj/usb_reports.c.o
 .comment       0x0000000000000011       0x12 build/keyplus_mini-atxmega32c3/obj/wired.c.o
 .comment       0x0000000000000011       0x12 build/keyplus_mini-atxmega32c3/obj/nrf24.c.o
 .comment       0x0000000000000011       0x12 build/keyplus_mini-atxmega32c3/obj/aes.c.o

.note.gnu.avr.deviceinfo
                0x0000000000000000       0x40
 .note.gnu.avr.deviceinfo
                0x0000000000000000       0x40 /usr/lib/gcc/avr/5.4.0/../../../avr/lib/avrxmega2/crtatxmega32c3.o

.note.gnu.build-id
 *(.note.gnu.build-id)

.debug
 *(.debug)

.line
 *(.line)

.debug_srcinfo
 *(.debug_srcinfo)

.debug_sfnames
 *(.debug_sfnames)

.debug_aranges
 *(.debug_aranges)

.debug_pubnames
 *(.debug_pubnames)

.debug_info     0x0000000000000000     0x2888
 *(.debug_info .gnu.linkonce.wi.*)
 .debug_info    0x0000000000000000     0x2888 /usr/lib/gcc/avr/5.4.0/../../../avr/lib/avrxmega2/crtatxmega32c3.o

.debug_abbrev   0x0000000000000000     0x2662
 *(.debug_abbrev)
 .debug_abbrev  0x0000000000000000     0x2662 /usr/lib/gcc/avr/5.4.0/../../../avr/lib/avrxmega2/crtatxmega32c3.o

.debug_line     0x0000000000000000       0x1a
 *(.debug_line .debug_line.* .debug_line_end)
 .debug_line    0x0000000000000000       0x1a /usr/lib/gcc/avr/5.4.0/../../../avr/lib/avrxmega2/crtatxmega32c3.o

.debug_frame
 *(.debug_frame)

.debug_str      0x0000000000000000     0x1a90
 *(.debug_str)
 .debug_str     0x0000000000000000     0x1a90 /usr/lib/gcc/avr/5.4.0/../../../avr/lib/avrxmega2/crtatxmega32c3.o

.debug_loc
 *(.debug_loc)

.debug_macinfo
 *(.debug_macinfo)

.debug_weaknames
 *(.debug_weaknames)

.debug_funcnames
 *(.debug_funcnames)

.debug_typenames
 *(.debug_typenames)

.debug_varnames
 *(.debug_varnames)

.debug_pubtypes
 *(.debug_pubtypes)

.debug_ranges
 *(.debug_ranges)

.debug_macro
 *(.debug_macro)

.debug_addr
 *(.debug_addr)
OUTPUT(build/keyplus_mini-atxmega32c3/xmega_keyplus-keyplus_mini-atxmega32c3.elf elf32-avr)
LOAD linker stubs

Cross Reference Table

Symbol                                            File
TWI_MasterArbitrationLostBusErrorHandler          build/keyplus_mini-atxmega32c3/obj/xmega_hardware/twi_master_driver.c.o
TWI_MasterInit                                    build/keyplus_mini-atxmega32c3/obj/xmega_hardware/twi_master_driver.c.o
                                                  build/keyplus_mini-atxmega32c3/obj/wired.c.o
TWI_MasterInterruptHandler                        build/keyplus_mini-atxmega32c3/obj/xmega_hardware/twi_master_driver.c.o
                                                  build/keyplus_mini-atxmega32c3/obj/wired.c.o
TWI_MasterRead                                    build/keyplus_mini-atxmega32c3/obj/xmega_hardware/twi_master_driver.c.o
TWI_MasterReadHandler                             build/keyplus_mini-atxmega32c3/obj/xmega_hardware/twi_master_driver.c.o
TWI_MasterReady                                   build/keyplus_mini-atxmega32c3/obj/xmega_hardware/twi_master_driver.c.o
TWI_MasterState                                   build/keyplus_mini-atxmega32c3/obj/xmega_hardware/twi_master_driver.c.o
TWI_MasterTransactionFinished                     build/keyplus_mini-atxmega32c3/obj/xmega_hardware/twi_master_driver.c.o
TWI_MasterWrite                                   build/keyplus_mini-atxmega32c3/obj/xmega_hardware/twi_master_driver.c.o
                                                  build/keyplus_mini-atxmega32c3/obj/wired.c.o
TWI_MasterWriteHandler                            build/keyplus_mini-atxmega32c3/obj/xmega_hardware/twi_master_driver.c.o
TWI_MasterWriteRead                               build/keyplus_mini-atxmega32c3/obj/xmega_hardware/twi_master_driver.c.o
TWI_SlaveAddressMatchHandler                      build/keyplus_mini-atxmega32c3/obj/xmega_hardware/twi_slave_driver.c.o
TWI_SlaveDataHandler                              build/keyplus_mini-atxmega32c3/obj/xmega_hardware/twi_slave_driver.c.o
TWI_SlaveInitializeDriver                         build/keyplus_mini-atxmega32c3/obj/xmega_hardware/twi_slave_driver.c.o
                                                  build/keyplus_mini-atxmega32c3/obj/wired.c.o
TWI_SlaveInitializeModule                         build/keyplus_mini-atxmega32c3/obj/xmega_hardware/twi_slave_driver.c.o
                                                  build/keyplus_mini-atxmega32c3/obj/wired.c.o
TWI_SlaveInterruptHandler                         build/keyplus_mini-atxmega32c3/obj/xmega_hardware/twi_slave_driver.c.o
                                                  build/keyplus_mini-atxmega32c3/obj/wired.c.o
TWI_SlaveReadHandler                              build/keyplus_mini-atxmega32c3/obj/xmega_hardware/twi_slave_driver.c.o
TWI_SlaveStopHandler                              build/keyplus_mini-atxmega32c3/obj/xmega_hardware/twi_slave_driver.c.o
TWI_SlaveTransactionFinished                      build/keyplus_mini-atxmega32c3/obj/xmega_hardware/twi_slave_driver.c.o
TWI_SlaveWriteHandler                             build/keyplus_mini-atxmega32c3/obj/xmega_hardware/twi_slave_driver.c.o
USB_dtype                                         build/keyplus_mini-atxmega32c3/obj/usb_reports.c.o
                                                  build/keyplus_mini-atxmega32c3/obj/descriptors.c.o
                                                  build/keyplus_mini-atxmega32c3/obj/./src/xusb/xmega/usb_xmega.c.o
                                                  build/keyplus_mini-atxmega32c3/obj/./src/xusb/usb_requests.c.o
                                                  build/keyplus_mini-atxmega32c3/obj/main.c.o
                                                  build/keyplus_mini-atxmega32c3/obj/debug.c.o
                                                  build/keyplus_mini-atxmega32c3/obj/D../D../src/key_handlers/key_normal.c.o
                                                  build/keyplus_mini-atxmega32c3/obj/D../D../src/key_handlers/key_mouse.c.o
                                                  build/keyplus_mini-atxmega32c3/obj/D../D../src/key_handlers/key_media.c.o
                                                  build/keyplus_mini-atxmega32c3/obj/D../D../src/key_handlers/key_custom.c.o
                                                  build/keyplus_mini-atxmega32c3/obj/D../D../src/usb/desc/normal/descriptors.c.o
                                                  build/keyplus_mini-atxmega32c3/obj/D../D../src/hid_reports/hid_reports.c.o
                                                  build/keyplus_mini-atxmega32c3/obj/D../D../src/hid_reports/mouse_report.c.o
                                                  build/keyplus_mini-atxmega32c3/obj/D../D../src/hid_reports/vendor_report.c.o
                                                  build/keyplus_mini-atxmega32c3/obj/D../D../src/hid_reports/media_report.c.o
                                                  build/keyplus_mini-atxmega32c3/obj/D../D../src/hid_reports/keyboard_report.c.o
                                                  build/keyplus_mini-atxmega32c3/obj/D../D../src/core/mouse.c.o
                                                  build/keyplus_mini-atxmega32c3/obj/D../D../src/core/unifying.c.o
                                                  build/keyplus_mini-atxmega32c3/obj/D../D../src/core/matrix_interpret.c.o
                                                  build/keyplus_mini-atxmega32c3/obj/D../D../src/core/mods.c.o
                                                  build/keyplus_mini-atxmega32c3/obj/D../D../src/core/macro.c.o
                                                  build/keyplus_mini-atxmega32c3/obj/D../D../src/core/usb_commands.c.o
                                                  build/keyplus_mini-atxmega32c3/obj/D../D../src/core/hardware.c.o
__FUSE_REGION_LENGTH__                            /usr/lib/gcc/avr/5.4.0/../../../avr/lib/avrxmega2/crtatxmega32c3.o
__bad_interrupt                                   /usr/lib/gcc/avr/5.4.0/../../../avr/lib/avrxmega2/crtatxmega32c3.o
__bss_end                                         /usr/lib/gcc/avr/5.4.0/avrxmega2/libgcc.a(_clear_bss.o)
__bss_start                                       /usr/lib/gcc/avr/5.4.0/avrxmega2/libgcc.a(_clear_bss.o)
__data_end                                        /usr/lib/gcc/avr/5.4.0/avrxmega2/libgcc.a(_copy_data.o)
__data_load_start                                 /usr/lib/gcc/avr/5.4.0/avrxmega2/libgcc.a(_copy_data.o)
__data_start                                      /usr/lib/gcc/avr/5.4.0/avrxmega2/libgcc.a(_copy_data.o)
__do_clear_bss                                    /usr/lib/gcc/avr/5.4.0/avrxmega2/libgcc.a(_clear_bss.o)
                                                  build/keyplus_mini-atxmega32c3/obj/aes.c.o
                                                  build/keyplus_mini-atxmega32c3/obj/nrf24.c.o
                                                  build/keyplus_mini-atxmega32c3/obj/wired.c.o
                                                  build/keyplus_mini-atxmega32c3/obj/usb_reports.c.o
                                                  build/keyplus_mini-atxmega32c3/obj/descriptors.c.o
                                                  build/keyplus_mini-atxmega32c3/obj/./src/xusb/xmega/usb_xmega.c.o
                                                  build/keyplus_mini-atxmega32c3/obj/./src/xusb/usb_requests.c.o
                                                  build/keyplus_mini-atxmega32c3/obj/port_impl/timer.c.o
                                                  build/keyplus_mini-atxmega32c3/obj/power.c.o
                                                  build/keyplus_mini-atxmega32c3/obj/matrix_scanner.c.o
                                                  build/keyplus_mini-atxmega32c3/obj/main.c.o
                                                  build/keyplus_mini-atxmega32c3/obj/debug.c.o
                                                  build/keyplus_mini-atxmega32c3/obj/D../D../src/key_handlers/key_normal.c.o
                                                  build/keyplus_mini-atxmega32c3/obj/D../D../src/key_handlers/key_mouse.c.o
                                                  build/keyplus_mini-atxmega32c3/obj/D../D../src/key_handlers/key_media.c.o
                                                  build/keyplus_mini-atxmega32c3/obj/D../D../src/key_handlers/key_hold.c.o
                                                  build/keyplus_mini-atxmega32c3/obj/D../D../src/key_handlers/key_custom.c.o
                                                  build/keyplus_mini-atxmega32c3/obj/D../D../src/usb/desc/normal/descriptors.c.o
                                                  build/keyplus_mini-atxmega32c3/obj/D../D../src/hid_reports/hid_reports.c.o
                                                  build/keyplus_mini-atxmega32c3/obj/D../D../src/hid_reports/mouse_report.c.o
                                                  build/keyplus_mini-atxmega32c3/obj/D../D../src/hid_reports/vendor_report.c.o
                                                  build/keyplus_mini-atxmega32c3/obj/D../D../src/hid_reports/media_report.c.o
                                                  build/keyplus_mini-atxmega32c3/obj/D../D../src/hid_reports/keyboard_report.c.o
                                                  build/keyplus_mini-atxmega32c3/obj/D../D../src/core/mouse.c.o
                                                  build/keyplus_mini-atxmega32c3/obj/D../D../src/core/unifying.c.o
                                                  build/keyplus_mini-atxmega32c3/obj/D../D../src/core/nonce.c.o
                                                  build/keyplus_mini-atxmega32c3/obj/D../D../src/core/rf.c.o
                                                  build/keyplus_mini-atxmega32c3/obj/D../D../src/core/keycode.c.o
                                                  build/keyplus_mini-atxmega32c3/obj/D../D../src/core/matrix_interpret.c.o
                                                  build/keyplus_mini-atxmega32c3/obj/D../D../src/core/mods.c.o
                                                  build/keyplus_mini-atxmega32c3/obj/D../D../src/core/macro.c.o
                                                  build/keyplus_mini-atxmega32c3/obj/D../D../src/core/usb_commands.c.o
                                                  build/keyplus_mini-atxmega32c3/obj/D../D../src/core/matrix_scanner.c.o
                                                  build/keyplus_mini-atxmega32c3/obj/D../D../src/core/io_map.c.o
                                                  build/keyplus_mini-atxmega32c3/obj/D../D../src/core/settings.c.o
                                                  build/keyplus_mini-atxmega32c3/obj/D../D../src/core/layout.c.o
                                                  build/keyplus_mini-atxmega32c3/obj/D../D../src/core/hardware.c.o
                                                  build/keyplus_mini-atxmega32c3/obj/D../D../src/core/error.c.o
__do_copy_data                                    /usr/lib/gcc/avr/5.4.0/avrxmega2/libgcc.a(_copy_data.o)
                                                  build/keyplus_mini-atxmega32c3/obj/descriptors.c.o
                                                  build/keyplus_mini-atxmega32c3/obj/port_impl/io_map.c.o
                                                  build/keyplus_mini-atxmega32c3/obj/main.c.o
                                                  build/keyplus_mini-atxmega32c3/obj/D../D../src/key_handlers/key_macro.c.o
                                                  build/keyplus_mini-atxmega32c3/obj/D../D../src/key_handlers/key_normal.c.o
                                                  build/keyplus_mini-atxmega32c3/obj/D../D../src/key_handlers/key_mouse.c.o
                                                  build/keyplus_mini-atxmega32c3/obj/D../D../src/key_handlers/key_media.c.o
                                                  build/keyplus_mini-atxmega32c3/obj/D../D../src/key_handlers/key_hold.c.o
                                                  build/keyplus_mini-atxmega32c3/obj/D../D../src/key_handlers/key_handlers.c.o
                                                  build/keyplus_mini-atxmega32c3/obj/D../D../src/key_handlers/key_custom.c.o